10-28 11:49:10.141: D/dalvikvm(461): GC_EXPLICIT freed 177K, 48% free 3515K/6727K, external 5264K/6488K, paused 89ms
10-28 11:49:16.481: I/ARMAssembler(75): generated scanline__00000177:03515104_00001001_00000000 [ 91 ipp] (114 ins) at [0x44a996e0:0x44a998a8] in 706280 ns
10-28 11:49:17.411: I/ActivityManager(75): Starting: Intent { act=android.intent.action.MAIN cat=[android.intent.category.LAUNCHER] flg=0x10100000 cmp=com.cognima.android.ui/com.cognima.android.activation.StartupActivity } from pid 75
10-28 11:49:17.451: D/PhoneWindow(252): couldn't save which view has focus because the focused view com.android.internal.policy.impl.PhoneWindow$DecorView@405d1368 has no id.
10-28 11:49:17.581: V/SAB/StartupActivity.java:49(461): [main] Launching StartupActivity
10-28 11:49:17.581: V/SAB/StartupActivity.java:78(461): [main] Resuming StartupActivity....
10-28 11:49:17.631: D/SAB/StartupActivity.java:84(461): [main] Launching next view from onResume...
10-28 11:49:17.631: D/SAB/StartupActivity.java:189(461): [main] StartupActivity about to complete -> launching next view...
10-28 11:49:17.691: D/SAB/ShoZuService.java:425(461): [main] ShozuService.onAppLaunched()
10-28 11:49:17.691: D/SAB/StartupActivity.java:98(461): [main] RemainingSplashTime_ms = -1382960957394
10-28 11:49:17.731: D/SAB/StartupActivity.java:125(461): [main] About to launch activity AppInformation ...
10-28 11:49:17.821: D/SAB/StartupActivity.java:140(461): [main] Not signed-in or in progress: show AppInformation
10-28 11:49:17.821: I/ActivityManager(75): Starting: Intent { cmp=com.cognima.android.ui/com.cognima.android.activation.AppInformation } from pid 461
10-28 11:49:18.541: W/InputManagerService(75): Starting input on non-focused client com.android.internal.view.IInputMethodClient$Stub$Proxy@40655d58 (uid=10000 pid=252)
10-28 11:49:18.661: D/dalvikvm(461): GC_EXTERNAL_ALLOC freed 155K, 48% free 3539K/6727K, external 4158K/4446K, paused 56ms
10-28 11:49:18.731: I/ActivityManager(75): Displayed com.cognima.android.ui/com.cognima.android.activation.AppInformation: +698ms (total +1s179ms)
10-28 11:49:20.481: D/SAB/Capabilities.java:176(461): [main] Device is Dual SIM=false from mem cache
10-28 11:49:20.491: D/SAB/AppInformation.java:170(461): [main] MSISDN available: 15555215556 (valid: true)
10-28 11:49:20.511: I/SAB/Environments.java:249(461): [main] Loaded 13 environments
10-28 11:49:20.581: V/SAB/Environments.java:95(461): [main] Showing Servers dialog, server count: 13
10-28 11:49:22.221: I/SAB/Environments.java:86(461): [main] Selected Environment [name=PSODev @ eliseo.ar.uw.nii, hubServer=http://psomozufe01.cpth.ie:18080/BayWatchFront/rfi, authServer=http://psomozufe01.cpth.ie:18080, mobileUIServer=http://psomozufe01.cpth.ie:28080, defaultDomain=eliseo.ar.uw.nii, resetPasswordUrl=http://psomozufe01.cpth.ie:8082/cp/applink/admin/ResetPasswordFromDevice?d={domain_name}&msisdn={msisdn_name}&imsi={imsi_name}&appType={client_type}&locale={language_name}&imei={imei_name}&pttid={ptt_name}&appVersion={client_version}, applinkServer=http://psomozufe01.cpth.ie:8081, lifestramApplinkServer=null, SocialNetworkConfiguration=[facebookId=180876941944098, twitterConsumerKey=9fdFaC6dy77xdYyKB1k8w, twitterConsumerSecret=L7tVmAZAKcDXvCZrdqqyK2jeKids197U0dBMmAUWTdk]] 
10-28 11:49:22.251: I/ActivityManager(75): Starting: Intent { cmp=com.cognima.android.ui/com.cognima.android.activation.LoginActivity } from pid 461
10-28 11:49:22.861: D/SAB/SignInBaseActivity.java:57(461): [main] Service Started, initialisation complete, but missed notification. Notifying now.
10-28 11:49:22.861: D/SAB/SignInBaseActivity.java:155(461): [main] onServiceBindComplete
10-28 11:49:22.871: D/SAB/SignInBaseActivity.java:123(461): [main] Hidding sign-in progress bar
10-28 11:49:22.871: D/SAB/StatusBarNotificationManager.java:168(461): [main] Manually removing notification #-101
10-28 11:49:23.111: D/dalvikvm(461): GC_EXTERNAL_ALLOC freed 291K, 45% free 3707K/6727K, external 5729K/6574K, paused 57ms
10-28 11:49:23.451: I/ActivityManager(75): Displayed com.cognima.android.ui/com.cognima.android.activation.LoginActivity: +1s144ms
10-28 11:49:23.971: W/KeyCharacterMap(461): No keyboard for id 0
10-28 11:49:23.971: W/KeyCharacterMap(461): Using default keymap: /system/usr/keychars/qwerty.kcm.bin
10-28 11:49:29.851: D/SAB/SignInBaseActivity.java:132(461): [main] Creating sign-in progress bar (spinner)
10-28 11:49:29.881: I/dalvikvm(461): Jit: resizing JitTable from 512 to 1024
10-28 11:49:29.962: D/SAB/Capabilities.java:176(461): [main] Device is Dual SIM=false from mem cache
10-28 11:49:29.971: D/SAB/Capabilities.java:176(461): [main] Device is Dual SIM=false from mem cache
10-28 11:49:30.001: E/DatabaseUtils(252): Writing exception to parcel
10-28 11:49:30.001: E/DatabaseUtils(252): java.lang.IllegalArgumentException: URI: content://com.android.contacts/me/owner_id, calling user: com.cognima.android.ui, calling package:com.cognima.android.ui
10-28 11:49:30.001: E/DatabaseUtils(252): 	at com.android.providers.contacts.LegacyApiSupport.query(LegacyApiSupport.java:1911)
10-28 11:49:30.001: E/DatabaseUtils(252): 	at com.android.providers.contacts.ContactsProvider2.query(ContactsProvider2.java:4716)
10-28 11:49:30.001: E/DatabaseUtils(252): 	at android.content.ContentProvider$Transport.bulkQuery(ContentProvider.java:174)
10-28 11:49:30.001: E/DatabaseUtils(252): 	at android.content.ContentProviderNative.onTransact(ContentProviderNative.java:111)
10-28 11:49:30.001: E/DatabaseUtils(252): 	at android.os.Binder.execTransact(Binder.java:320)
10-28 11:49:30.001: E/DatabaseUtils(252): 	at dalvik.system.NativeStart.run(Native Method)
10-28 11:49:30.001: D/SAB/CAddressbookBase.java:1911(461): [main] Exception encountered while reading ME contact:URI: content://com.android.contacts/me/owner_id, calling user: com.cognima.android.ui, calling package:com.cognima.android.ui
10-28 11:49:30.001: D/SAB/CAddressbookBase.java:1918(461): [main] Could not read ME contact ID
10-28 11:49:30.011: D/SAB/CAddressbookBase.java:1922(461): [main] ME contact ID: null
10-28 11:49:30.021: D/SAB/Utils.java:450(461): [main] ME PTTs read: []
10-28 11:49:30.021: D/SAB/Capabilities.java:176(461): [main] Device is Dual SIM=false from mem cache
10-28 11:49:30.031: D/SAB/Capabilities.java:176(461): [main] Device is Dual SIM=false from mem cache
10-28 11:49:30.121: D/SAB/LoginActivityHelper.java:77(461): [main] Removed connect accounts
10-28 11:49:30.131: W/AQuery(461): deleted:0
10-28 11:49:30.131: D/SAB/LoginActivityHelper.java:80(461): [main] Removal of aquery disk cache requested
10-28 11:49:30.161: D/SAB/StatusBarNotificationManager.java:168(461): [main] Manually removing notification #-102
10-28 11:49:30.161: D/SAB/LoginActivityHelper.java:98(461): [main] Starting login thread for ActivateParams [activationType=null, username=cirotest1, password=critical01, firstname=, lastname=, email=, avatarUrl=, ptn1=15555215556, ptn2=null, imei1=000000000000000, imei2=null, imsi1=310260000000000, imsi2=null, ptt1=null, ptt2=null, delayMilli=0, sn=NONE, snUserId=]
10-28 11:49:30.191: D/SAB/ShoZuService.java:722(461): [ActivateThread] Signing in: ActivateParams [activationType=null, username=cirotest1, password=critical01, firstname=, lastname=, email=, avatarUrl=, ptn1=15555215556, ptn2=null, imei1=000000000000000, imei2=null, imsi1=310260000000000, imsi2=null, ptt1=null, ptt2=null, delayMilli=0, sn=NONE, snUserId=]
10-28 11:49:30.211: I/SAB/MozuAuthenticator.java:108(461): [ActivateThread] Setting connect account Connections
10-28 11:49:30.221: D/SAB/MozuAuthenticator.java:71(461): [ActivateThread] AccountManager integration is ON
10-28 11:49:30.261: I/SAB/MozuAuthenticator.java:141(461): [ActivateThread] [addAccountExplicitly] About to add account Account {name=Connections, type=net.cp.connect.nii.ContactosNextelAuth.account}
10-28 11:49:30.471: D/dalvikvm(75): GC_CONCURRENT freed 1046K, 56% free 4434K/9927K, external 3248K/3780K, paused 5ms+17ms
10-28 11:49:30.501: D/SAB/ContactsManager.java:233(461): [Binder Thread #1] Detected change on PIM - selfChange: false
10-28 11:49:30.521: D/SAB/MozuAuthenticator.java:168(461): [ActivateThread] Changed visibility to account content://com.android.contacts/settings/1 -> Connections 
10-28 11:49:30.701: V/SAB/PopulateContactTask.java:51(461): [Thread-34] Start reloading contact list
10-28 11:49:31.211: D/dalvikvm(252): GC_CONCURRENT freed 354K, 51% free 3267K/6663K, external 3066K/3213K, paused 3ms+36ms
10-28 11:49:31.431: D/SAB/MozuAuthenticator.java:197(461): [ActivateThread] Account contacts set to visible
10-28 11:49:31.671: D/Event(461): No subscripers registered for event class com.cognima.android.utils.Event$RebuildContactsList
10-28 11:49:31.671: I/SAB/PopulateContactTask.java:70(461): [Thread-34] End reloading contact list [time=970 ms.]
10-28 11:49:31.671: D/Event(461): No subscripers registered for event class com.cognima.android.utils.Event$RebuildContactsList
10-28 11:49:31.681: D/Event(461): No subscripers registered for event class com.cognima.android.utils.Event$RebuildContactsFilter
10-28 11:49:31.681: I/SAB/MozuAuthenticator.java:155(461): [ActivateThread] Successfully added Mozu account 'Connections'
10-28 11:49:31.691: D/SAB/ShoZuService.java:1027(461): [ActivateThread] Activation progress updated (progress: 0) -> message: Loading…
10-28 11:49:31.711: D/SAB/LoginActivity.java:298(461): [main] Event.Activation received (0): Loading…
10-28 11:49:31.721: D/SAB/LoginActivity.java:258(461): [main] onActivationProgressed - Percentage: 0 Message: Loading… 
10-28 11:49:31.741: V/SAB/CRE.java:398(461): [CRE] Processing object=[eventId=0 eventType=ACTIVATE(1) eventObject=com.cognima.midp.FirstLogon@405bb968] from the queue (CREState=8005)
10-28 11:49:31.741: V/SAB/CRE.java:2541(461): [CRE] XXXXXXXXXXXX Starting queue dump XXXXXXXXXXXXXXXX
10-28 11:49:31.741: V/SAB/CRE.java:2546(461): [CRE]     0: CREEvent=[eventId=0 eventType=ACTIVATE(1) eventObject=com.cognima.midp.FirstLogon@405bb968]
10-28 11:49:31.751: V/SAB/CRE.java:2551(461): [CRE] XXXXXXXXXXXX ending queue dump XXXXXXXXXXXXXXXX
10-28 11:49:31.761: I/SAB/CRE.java:1791(461): [CRE] SAB Admin: Setting the app in TEST mode
10-28 11:49:31.761: D/SAB/Capabilities.java:176(461): [CRE] Device is Dual SIM=false from mem cache
10-28 11:49:31.771: D/SAB/ShoZuService.java:1027(461): [ActivateThread] Activation progress updated (progress: 5) -> message: Getting settings…
10-28 11:49:31.771: D/SAB/Capabilities.java:176(461): [CRE] Device is Dual SIM=false from mem cache
10-28 11:49:31.781: D/SAB/Capabilities.java:176(461): [CRE] Device is Dual SIM=false from mem cache
10-28 11:49:31.801: D/SAB/Util.java:453(461): [CRE] Old app version unknown / invalid: null
10-28 11:49:31.811: D/SAB/LoginActivity.java:298(461): [main] Event.Activation received (5): Getting settings…
10-28 11:49:31.811: D/SAB/LoginActivity.java:258(461): [main] onActivationProgressed - Percentage: 5 Message: Getting settings… 
10-28 11:49:31.821: W/SAB/Util.java:459(461): [CRE] Could not determine serialVersionUID for class class com.cognima.midp.CogPropertyData: returning -26728059111111 instead
10-28 11:49:31.841: D/SAB/Util.java:453(461): [CRE] Old app version unknown / invalid: null
10-28 11:49:31.841: W/SAB/Util.java:459(461): [CRE] Could not determine serialVersionUID for class class com.cognima.midp.CogUIntData: returning -127368342111111 instead
10-28 11:49:31.851: D/SAB/Util.java:453(461): [CRE] Old app version unknown / invalid: null
10-28 11:49:31.861: W/SAB/Util.java:459(461): [CRE] Could not determine serialVersionUID for class class com.cognima.midp.CogDateData: returning 292800990111111 instead
10-28 11:49:31.861: V/SAB/Protocol.java:310(461): [Protocol] Protocol Queue Consumed Object CogXMLPDU type=3 prio=900 mode=0
10-28 11:49:31.871: D/SAB/Capabilities.java:176(461): [Protocol] Device is Dual SIM=false from mem cache
10-28 11:49:31.881: I/SAB/CRE.java:1791(461): [Protocol] SAB Admin: Setting the app in TEST mode
10-28 11:49:31.881: D/SAB/Capabilities.java:176(461): [Protocol] Device is Dual SIM=false from mem cache
10-28 11:49:31.891: D/SAB/Capabilities.java:176(461): [Protocol] Device is Dual SIM=false from mem cache
10-28 11:49:31.891: D/SAB/Protocol.java:879(461): [Protocol] Starting to Send PDU Type: 26
10-28 11:49:31.942: D/SAB/Protocol.java:982(461): [Protocol] Preparing connection:http://psomozufe01.cpth.ie:18080/BayWatchFront/rfi
10-28 11:49:31.971: D/SAB/HttpConnection.java:118(461): [Protocol] SSL whitelist [*.akamai.net, *.akamaihd.net, cpth.ie, devmozufe01.cpth.ie]
10-28 11:49:31.971: D/SAB/HttpConnection.java:127(461): [Protocol] Opening HTTP connection http://psomozufe01.cpth.ie:18080/BayWatchFront/rfi...
10-28 11:49:32.002: D/SAB/HttpConnection.java:139(461): [Protocol] Active connections in the CRE pool: 0
10-28 11:49:32.021: D/SAB/Protocol.java:957(461): [Protocol] Sent PDU OK - Data sent: <?xml version="1.0" encoding="US-ASCII"?><s><h><![CDATA[QBvi69gI7eIpggjULjyLCg==]]></h><t>751808971</t><v><![CDATA[dX+546QStg==]]></v><u>0</u><d>0</d><rfi><ec>3</ec><gethomeserver><rf><![CDATA[dXW//aIMtuFYwF23dT3XVho=]]></rf><dv><![CDATA[dXi//g==]]></dv><os><![CDATA[dXfOo/ZO6bgM0CzXDDzX]]></os><mnc><![CDATA[dXm9+6I=]]></mnc><mcc><![CDATA[dXm8/KI=]]></mcc><un><![CDATA[dXPspOBT8rQbhFw=]]></un><domain-name><![CDATA[dWrqoftP475GkR+pMHrJCEPl]]></domain-name></gethomeserver></rfi><i>391</i></s> 
10-28 11:49:32.301: D/SyncManager(75): setIsSyncable: Account {name=Connections, type=net.cp.connect.nii.ContactosNextelAuth.account}, provider com.android.contacts -> 1
10-28 11:49:34.361: D/SAB/Protocol.java:1091(461): [Protocol] Read content-type: text/xml
10-28 11:49:34.381: D/SAB/Protocol.java:1184(461): [Protocol] Read PDU start - Read XML root: <s><rfi><homeserver><id>101</id><host>psomozufe01.cpth.ie</host><path>/dcmxb/DCMX</path><port>18080</port><uhost>psomozufe01.cpth.ie</uhost><upath>/dcmxb/FILE/u</upath><uport>18080</uport><dhost>psomozufe01.cpth.ie</dhost><dpath>/dcmxb/FILE/d</dpath><dport>18080</dport></homeserver></rfi></s>
10-28 11:49:34.421: D/SAB/Protocol.java:879(461): [Protocol] Starting to Send PDU Type: 3
10-28 11:49:34.501: D/SAB/Protocol.java:982(461): [Protocol] Preparing connection:http://psomozufe01.cpth.ie:18080/dcmxb/DCMX
10-28 11:49:34.511: D/SAB/HttpConnection.java:127(461): [Protocol] Opening HTTP connection http://psomozufe01.cpth.ie:18080/dcmxb/DCMX...
10-28 11:49:34.511: D/SAB/HttpConnection.java:139(461): [Protocol] Active connections in the CRE pool: 1
10-28 11:49:34.551: D/SAB/Protocol.java:957(461): [Protocol] Sent PDU OK - Data sent: <?xml version="1.0" encoding="US-ASCII"?><s><h><![CDATA[QBvi69gI7eIpggjULjyLCg==]]></h><t>751808971</t><v><![CDATA[dX+546QStg==]]></v><ad><q>1</q><ec>3</ec><y>1</y><rf><![CDATA[dXW//aIMtuFYwF23dT3XVho=]]></rf><tt>1</tt><ta><![CDATA[dXG++KcJs+NZxViycw==]]></ta><v><![CDATA[dX+546QStg==]]></v><si>5025</si><ci>2</ci><un><![CDATA[dXPspOBT8rQbhFw=]]></un><ps><![CDATA[dXDsv/tI77IJnF22]]></ps><first-name><![CDATA[dXo=]]></first-name><last-name><![CDATA[dXo=]]></last-name><email><![CDATA[dXo=]]></email><dc><OS><![CDATA[dXfOo/ZO6bgM0CzXDDzX]]></OS><DT><![CDATA[dX3oqPxZ9LgL]]></DT><SC><![CDATA[dXi29A==]]></SC><ZC><![CDATA[dXu/]]></ZC><DV><![CDATA[dXi//g==]]></DV><CC><![CDATA[dXm8/KI=]]></CC><NC><![CDATA[dXm9+6I=]]></NC><IMEI><![CDATA[dXW//aIMtuFYwF23dT3XVho=]]></IMEI><IMSI><![CDATA[dXW8/KIOsOFYwF23dT3XVho=]]></IMSI><APPTYPE><![CDATA[dXHcjNBjx58soiLOAQ==]]></APPTYPE><LOCALE><![CDATA[dX/qo81p1Q==]]></LOCALE><MFG><![CDATA[dX36o/lS6aYG]]></MFG><MODEL><![CDATA[dX3oqPxZ9LgL]]></MODEL><FMLY><![CDATA[dXfcjNBjx58soiLOAVLW]]></FMLY><PTTGRP><![CDATA[dX/prP5P4w==]]></PTTGRP><PHOTOSYNC><![CDATA[dX77v+dZ]]></PHOTOSYNC></dc><user-details></user-details><ptt></ptt><domain-name><![CDATA[dWrqoftP475GkR+pMHrJCEPl]]></domain-name></ad><i>-2833</i></s> 
10-28 11:49:35.641: D/dalvikvm(75): GC_FOR_MALLOC freed 380K, 57% free 4343K/9927K, external 3030K/3780K, paused 66ms
10-28 11:49:41.641: D/SAB/Protocol.java:1091(461): [Protocol] Read content-type: text/xml
10-28 11:49:41.661: D/SAB/Protocol.java:1184(461): [Protocol] Read PDU start - Read XML root: <s><activate-response><seqid>1</seqid><userid>1146</userid><deviceid>137</deviceid><username><![CDATA[ABswMHpmOGhoeWR4QGVsaXNlby5hci51dy5uaWk=]]></username><password><![CDATA[AApjcml0aWNhbDAx]]></password></activate-response></s>
10-28 11:49:41.681: D/SAB/Capabilities.java:176(461): [Protocol] Device is Dual SIM=false from mem cache
10-28 11:49:41.691: D/SAB/Protocol.java:420(461): [Protocol] Set Rollbar data to 15555215556 - 00zf8hhydx@eliseo.ar.uw.nii
10-28 11:49:41.711: D/SAB/TableChangeLog.java:44(461): [CRE] creating new changelog table
10-28 11:49:41.721: D/SAB/TableChangeLog.java:35(461): [CRE] created new changelog table
10-28 11:49:41.731: V/SAB/TableDefault.java:53(461): [CRE] TableDefault::init
10-28 11:49:41.751: V/SAB/TableApp.java:42(461): [CRE] TableApp::init
10-28 11:49:41.751: V/SAB/TableScratch.java:48(461): [CRE] TableScratch::init
10-28 11:49:41.796: D/SAB/TableSync.java:49(461): [CRE] TableSync - init
10-28 11:49:41.801: D/SAB/CRE.java:1906(461): [CRE] Database 1 opened
10-28 11:49:41.811: D/SAB/CRE.java:1906(461): [CRE] Database 2 opened
10-28 11:49:41.811: D/SAB/CRE.java:1906(461): [CRE] Database 1 opened
10-28 11:49:41.811: D/SAB/CRE.java:1906(461): [CRE] Database 1 opened
10-28 11:49:41.821: D/SAB/CRE.java:1906(461): [CRE] Database 3 opened
10-28 11:49:41.821: D/SAB/CRE.java:1906(461): [CRE] Database 1 opened
10-28 11:49:41.831: D/SAB/CRE.java:1906(461): [CRE] Database 6 opened
10-28 11:49:41.831: D/SAB/CRE.java:1906(461): [CRE] Database 1 opened
10-28 11:49:41.881: D/SAB/CRE.java:1852(461): [CRE] set sentRemoveSyncDeviceData to true in activate
10-28 11:49:41.921: V/SAB/CRE.java:531(461): [CRE] Clearing queue of element - event=[eventId=0 eventType=ACTIVATE(1) eventObject=com.cognima.midp.FirstLogon@405bb968], sent=true, CREState=8005 (CREState=StatusCodes.ERROR_CRE -> false), protoState=104 (protoState != StatusCodes.ERROR_FILE --> true)
10-28 11:49:41.921: V/SAB/CRE.java:558(461): [CRE] Removing from queue event=[eventId=0 eventType=ACTIVATE(1) eventObject=com.cognima.midp.FirstLogon@405bb968] ...
10-28 11:49:41.941: V/SAB/CRE.java:560(461): [CRE] Removed from queue event=[eventId=0 eventType=ACTIVATE(1) eventObject=com.cognima.midp.FirstLogon@405bb968]
10-28 11:49:41.951: D/SAB/ShoZuService.java:1027(461): [EventDispatcher] Activation progress updated (progress: 28) -> message: Activated
10-28 11:49:41.961: D/SAB/Util.java:453(461): [EventDispatcher] Old app version unknown / invalid: null
10-28 11:49:41.993: W/SAB/Util.java:459(461): [EventDispatcher] Could not determine serialVersionUID for class class com.cognima.midp.CogStringData: returning 550211393111111 instead
10-28 11:49:41.993: D/SAB/Util.java:453(461): [EventDispatcher] Old app version unknown / invalid: null
10-28 11:49:42.001: W/SAB/Util.java:459(461): [EventDispatcher] Could not determine serialVersionUID for class class com.cognima.midp.CogObjectData: returning -1104835729111111 instead
10-28 11:49:42.011: D/SAB/Util.java:453(461): [EventDispatcher] Old app version unknown / invalid: null
10-28 11:49:42.011: W/SAB/Util.java:459(461): [EventDispatcher] Could not determine serialVersionUID for class class com.cognima.midp.CogArrayData: returning -664162051111111 instead
10-28 11:49:42.021: D/SAB/Util.java:453(461): [EventDispatcher] Old app version unknown / invalid: null
10-28 11:49:42.021: W/SAB/Util.java:459(461): [EventDispatcher] Could not determine serialVersionUID for class class com.cognima.midp.CogFilePointerData: returning 277359685111111 instead
10-28 11:49:42.041: D/SAB/Util.java:453(461): [EventDispatcher] Old app version unknown / invalid: null
10-28 11:49:42.041: W/SAB/Util.java:459(461): [EventDispatcher] Could not determine serialVersionUID for class class com.cognima.midp.CogBlobData: returning 2128837197111111 instead
10-28 11:49:42.061: D/SAB/Util.java:453(461): [EventDispatcher] Old app version unknown / invalid: null
10-28 11:49:42.081: W/SAB/Util.java:459(461): [EventDispatcher] Could not determine serialVersionUID for class class com.cognima.midp.CogIntData: returning 1493051923111111 instead
10-28 11:49:42.111: D/SAB/Util.java:453(461): [EventDispatcher] Old app version unknown / invalid: null
10-28 11:49:42.111: W/SAB/Util.java:459(461): [EventDispatcher] Could not determine serialVersionUID for class class com.cognima.midp.CogTypedStringData: returning -2087203009111111 instead
10-28 11:49:42.121: D/SAB/MozuContactData.java:1491(461): [EventDispatcher] MozuContactData.SERVICE_LINK updated: [Ljava.lang.String;@407b14f0
10-28 11:49:42.591: D/dalvikvm(461): GC_CONCURRENT freed 1535K, 51% free 3921K/7943K, external 6852K/8520K, paused 6ms+10ms
10-28 11:49:43.531: D/SAB/LoginActivity.java:298(461): [main] Event.Activation received (28): Activated
10-28 11:49:43.541: D/SAB/LoginActivity.java:258(461): [main] onActivationProgressed - Percentage: 28 Message: Activated 
10-28 11:49:43.541: D/SAB/LoginActivity.java:298(461): [main] Event.Activation received (28): Configuring…
10-28 11:49:43.541: D/SAB/LoginActivity.java:258(461): [main] onActivationProgressed - Percentage: 28 Message: Configuring… 
10-28 11:49:43.551: V/SAB/CRE.java:398(461): [CRE] Processing object=[eventId=1 eventType=DEFINE_CLASS(2) eventObject=[Lcom.cognima.midp.CogObjectData;@407b3dc0] from the queue (CREState=8001)
10-28 11:49:43.551: V/SAB/CRE.java:2541(461): [CRE] XXXXXXXXXXXX Starting queue dump XXXXXXXXXXXXXXXX
10-28 11:49:43.551: V/SAB/CRE.java:2546(461): [CRE]     0: CREEvent=[eventId=1 eventType=DEFINE_CLASS(2) eventObject=[Lcom.cognima.midp.CogObjectData;@407b3dc0]
10-28 11:49:43.551: V/SAB/CRE.java:2551(461): [CRE] XXXXXXXXXXXX ending queue dump XXXXXXXXXXXXXXXX
10-28 11:49:43.561: V/SAB/Protocol.java:310(461): [Protocol] Protocol Queue Consumed Object CogXMLPDU type=10 prio=850 mode=2
10-28 11:49:43.561: D/SAB/Protocol.java:879(461): [Protocol] Starting to Send PDU Type: 10
10-28 11:49:43.631: D/SAB/Protocol.java:982(461): [Protocol] Preparing connection:http://psomozufe01.cpth.ie:18080/dcmxb/DCMX
10-28 11:49:43.651: D/SAB/HttpConnection.java:127(461): [Protocol] Opening HTTP connection http://psomozufe01.cpth.ie:18080/dcmxb/DCMX...
10-28 11:49:43.651: D/SAB/HttpConnection.java:139(461): [Protocol] Active connections in the CRE pool: 1
10-28 11:49:43.661: D/SAB/Protocol.java:957(461): [Protocol] Sent PDU OK - Data sent: <?xml version="1.0" encoding="US-ASCII"?><s><h><![CDATA[QBvi69gI7eIpggjULjyLCg==]]></h><t>751808983</t><v><![CDATA[dX+546QStg==]]></v><u>1146</u><d>137</d><cs><q>2</q><c>1400</c><v>3</v><sp><b>6</b><y>5</y><z>16777215</z></sp></cs><cs><q>3</q><c>2048</c><v>2</v></cs><cs><q>4</q><c>113</c><v>6</v></cs><cs><q>5</q><c>115</c><v>3</v></cs><cs><q>6</q><c>5005</c><v>1</v></cs><cs><q>7</q><c>5004</c><v>1</v></cs><cs><q>8</q><c>5006</c><v>1</v></cs><cs><q>9</q><c>5007</c><v>2</v></cs><cs><q>10</q><c>5000</c><v>1</v></cs><cs><q>11</q><c>5001</c><v>1</v></cs><cs><q>12</q><c>5002</c><v>3</v></cs><cs><q>13</q><c>5009</c><v>1</v></cs><i>-1894</i></s> 
10-28 11:49:47.101: D/SAB/Protocol.java:1091(461): [Protocol] Read content-type: text/xml
10-28 11:49:50.121: D/SAB/Protocol.java:1184(461): [Protocol] Read PDU start - Read XML root: <s><ack><seqid>2</seqid></ack><ack><seqid>3</seqid></ack><ack><seqid>4</seqid></ack><ack><seqid>5</seqid></ack><ack><seqid>6</seqid></ack><ack><seqid>7</seqid></ack><ack><seqid>8</seqid></ack><ack><seqid>9</seqid></ack><ack><seqid>10</seqid></ack><ack><seqid>11</seqid></ack><ack><seqid>12</seqid></ack><ack><seqid>13</seqid></ack></s>
10-28 11:49:50.131: V/SAB/CRE.java:531(461): [CRE] Clearing queue of element - event=[eventId=1 eventType=DEFINE_CLASS(2) eventObject=[Lcom.cognima.midp.CogObjectData;@407b3dc0], sent=true, CREState=8001 (CREState=StatusCodes.ERROR_CRE -> false), protoState=115 (protoState != StatusCodes.ERROR_FILE --> true)
10-28 11:49:50.131: V/SAB/CRE.java:558(461): [CRE] Removing from queue event=[eventId=1 eventType=DEFINE_CLASS(2) eventObject=[Lcom.cognima.midp.CogObjectData;@407b3dc0] ...
10-28 11:49:50.151: V/SAB/CRE.java:560(461): [CRE] Removed from queue event=[eventId=1 eventType=DEFINE_CLASS(2) eventObject=[Lcom.cognima.midp.CogObjectData;@407b3dc0]
10-28 11:49:50.161: D/SAB/CRE.java:580(461): [CRE] protocol.sendRequestChangelog() called from within CRE.run()
10-28 11:49:50.161: V/SAB/Protocol.java:310(461): [Protocol] Protocol Queue Consumed Object CogXMLPDU type=34 prio=50 mode=2
10-28 11:49:50.171: D/SAB/Protocol.java:879(461): [Protocol] Starting to Send PDU Type: 34
10-28 11:49:50.191: D/SAB/Protocol.java:982(461): [Protocol] Preparing connection:http://psomozufe01.cpth.ie:18080/dcmxb/DCMX
10-28 11:49:50.202: D/SAB/HttpConnection.java:127(461): [Protocol] Opening HTTP connection http://psomozufe01.cpth.ie:18080/dcmxb/DCMX...
10-28 11:49:50.202: D/SAB/HttpConnection.java:139(461): [Protocol] Active connections in the CRE pool: 1
10-28 11:49:50.231: D/SAB/Protocol.java:957(461): [Protocol] Sent PDU OK - Data sent: <?xml version="1.0" encoding="US-ASCII"?><s><h><![CDATA[QBvi69gI7eIpggjULjyLCg==]]></h><t>751808990</t><v><![CDATA[dX+546QStg==]]></v><u>1146</u><d>137</d><prioritychangelog><q>3</q><batchsize>16</batchsize><numretry>0</numretry></prioritychangelog><i>-231</i></s> 
10-28 11:49:51.057: D/SAB/Protocol.java:1091(461): [Protocol] Read content-type: text/xml
10-28 11:49:51.071: D/SAB/Protocol.java:1184(461): [Protocol] Read PDU start - Read XML root: <s><changelogresponse><object><seqid>1</seqid><classid>1400</classid><objectid>137</objectid><state>0</state><property><id>0</id><string><![CDATA[]]></string></property><property><id>1</id><string><![CDATA[ABswMHpmOGhoeWR4QGVsaXNlby5hci51dy5uaWk=]]></string></property><property><id>2</id><string><![CDATA[AAowMHpmOGhoeWR4]]></string></property><property><id>3</id><string><![CDATA[]]></string></property><property><id>4</id><string><![CDATA[]]></string></property><property><id>5</id><natural>0</natural></property></object><object><seqid>2</seqid><classid>5009</classid><objectid>-1</objectid><state>0</state><property><id>0</id><natural>4</natural></property></object></changelogresponse></s>
10-28 11:49:51.112: V/SAB/DefaultDB.java:261(461): [Protocol] DefaultDB::getObject
10-28 11:49:51.131: D/SAB/CogObjectStore.java:120(461): [Protocol] persistObject( 1400, 137 )
10-28 11:49:51.211: D/SAB/CRE.java:1259(461): [Protocol] Persisted object of class ID 1400
10-28 11:49:51.211: D/SAB/CRE.java:1271(461): [Protocol] PERSISTED OBJECT (1400) CogObject classID:1400 objectID:137
10-28 11:49:51.211: D/SAB/CRE.java:1271(461): String[00zf8hhydx@eliseo.ar.uw.nii]
10-28 11:49:51.211: D/SAB/CRE.java:1271(461): String[00zf8hhydx]
10-28 11:49:51.211: D/SAB/CRE.java:1271(461): Fire and Forget: false
10-28 11:49:51.211: D/SAB/CRE.java:1271(461): Object active: false
10-28 11:49:51.211: D/SAB/CRE.java:1271(461):   - CRE state set to: 8006
10-28 11:49:51.231: D/SAB/ShoZuService.java:780(461): [EventDispatcher] PERSISTEDOBJECT event... classId[1400] CogAcccountSettings.classId[1400]
10-28 11:49:51.241: D/SAB/ShoZuService.java:1027(461): [EventDispatcher] Activation progress updated (progress: 85) -> message: Activated. Configuring…
10-28 11:49:51.251: D/SAB/Capabilities.java:176(461): [EventDispatcher] Device is Dual SIM=false from mem cache
10-28 11:49:51.261: D/SAB/Capabilities.java:176(461): [EventDispatcher] Device is Dual SIM=false from mem cache
10-28 11:49:51.271: D/SAB/Utils.java:763(461): [EventDispatcher] newly formed sim swap check string is: 31026000000000015555215556
10-28 11:49:51.271: D/SAB/Utils.java:781(461): [EventDispatcher] setting sim swap check string to: 31026000000000015555215556
10-28 11:49:51.281: V/SAB/ShoZuService.java:955(461): [EventDispatcher] The service is configured: notify the waiting thread
10-28 11:49:51.311: I/SAB/AvailableDestinations.java:179(461): [EventDispatcher] Loaded 5 available destinations
10-28 11:49:51.311: D/SAB/AvailableDestinations.java:180(461): [EventDispatcher] Loaded available destinations -> [LinkedIn, WindowsLive, Orkut, Facebook, Twitter]
10-28 11:49:51.321: I/SAB/AvailableDestinations.java:87(461): [EventDispatcher] Returning read avail dests: [LinkedIn, WindowsLive, Orkut, Facebook, Twitter]
10-28 11:49:51.321: V/SAB/ShoZuService.java:960(461): [EventDispatcher] Finished loading AvailableDestinations - total 5
10-28 11:49:51.331: V/SAB/Environments.java:42(461): [EventDispatcher] Checking if environment has been set...
10-28 11:49:51.331: V/SAB/Environments.java:45(461): [EventDispatcher] Environment set - PSODev @ eliseo.ar.uw.nii
10-28 11:49:51.351: D/SAB/AppLinkTask.java:623(461): [EventDispatcher] added standard AppLink params -  params: 5
10-28 11:49:51.351: D/SAB/UserAccount.java:320(461): [Timer-2] ******* STARTING RELOAD RECOMMENDED PROFILES TASK ***************
10-28 11:49:51.361: D/SAB/AppLinkTask.java:623(461): [Timer-2] added standard AppLink params -  params: 5
10-28 11:49:51.381: I/SAB/AppLinkTask.java:521(461): [Timer-2] Initializing retries timer logging!
10-28 11:49:51.381: I/SAB/AppLinkTask.java:265(461): [EventDispatcher] GET HTTP request: http://psomozufe01.cpth.ie:8081/cp/applink/sab/ReadProfile?drf=json&u=00zf8hhydx&d=eliseo.ar.uw.nii&appVersion=6.6.0&selfAuthPassword=critical01
10-28 11:49:51.401: W/AQuery(461): Executors - fetchExe
10-28 11:49:51.401: W/AQuery(461):             ActiveCount::0
10-28 11:49:51.401: W/AQuery(461):           KeepAliveTime::0
10-28 11:49:51.411: W/AQuery(461):     Queue.remainingCapa::2147483647
10-28 11:49:51.411: W/AQuery(461):              Queue.size::0
10-28 11:49:51.411: W/AQuery(461):           Queue.isEmpty::true
10-28 11:49:51.411: W/AQuery(461):                PoolSize::0
10-28 11:49:51.411: W/AQuery(461):            CorePoolSize::25
10-28 11:49:51.411: W/AQuery(461):         LargestPoolSize::0
10-28 11:49:51.421: W/AQuery(461):         MaximumPoolSize::25
10-28 11:49:51.421: W/AQuery(461):               TaskCount::0
10-28 11:49:51.421: W/AQuery(461):      CompletedTaskCount::0
10-28 11:49:51.431: D/SAB/UserAccount.java:410(461): [EventDispatcher] Calling for InitialUserData [showConnectionInfo=false, inviteType=1, inviteStatus=4]
10-28 11:49:51.441: D/SAB/AppLinkTask.java:623(461): [EventDispatcher] added standard AppLink params -  params: 8
10-28 11:49:51.461: I/SAB/AppLinkTask.java:265(461): [EventDispatcher] GET HTTP request: http://psomozufe01.cpth.ie:8081/cp/applink/nextel/sab/ReadInitialDataForClient?showConnectionInfo=false&inviteType=1&inviteStatus=4&drf=json&u=00zf8hhydx&d=eliseo.ar.uw.nii&appVersion=6.6.0&selfAuthPassword=critical01
10-28 11:49:51.471: W/AQuery(461): Executors - fetchExe
10-28 11:49:51.471: W/AQuery(461):             ActiveCount::1
10-28 11:49:51.471: W/AQuery(461):           KeepAliveTime::0
10-28 11:49:51.471: W/AQuery(461):     Queue.remainingCapa::2147483647
10-28 11:49:51.471: W/AQuery(461):              Queue.size::0
10-28 11:49:51.471: W/AQuery(461):           Queue.isEmpty::true
10-28 11:49:51.471: W/AQuery(461):                PoolSize::1
10-28 11:49:51.481: W/AQuery(461):            CorePoolSize::25
10-28 11:49:51.481: W/AQuery(461):         LargestPoolSize::1
10-28 11:49:51.481: W/AQuery(461):         MaximumPoolSize::25
10-28 11:49:51.481: W/AQuery(461):               TaskCount::1
10-28 11:49:51.481: W/AQuery(461):      CompletedTaskCount::0
10-28 11:49:51.551: I/SAB/AppLinkTask.java:265(461): [Timer-2] GET HTTP request: http://psomozufe01.cpth.ie:8081/cp/applink/sab/ListRecommendedProfiles?drf=json&u=00zf8hhydx&d=eliseo.ar.uw.nii&appVersion=6.6.0&selfAuthPassword=critical01
10-28 11:49:51.671: W/AQuery(461): Executors - fetchExe
10-28 11:49:51.671: W/AQuery(461):             ActiveCount::2
10-28 11:49:51.711: W/AQuery(461):           KeepAliveTime::0
10-28 11:49:51.711: W/AQuery(461):     Queue.remainingCapa::2147483647
10-28 11:49:51.721: W/AQuery(461):              Queue.size::0
10-28 11:49:51.751: W/AQuery(461):           Queue.isEmpty::true
10-28 11:49:51.751: W/AQuery(461):                PoolSize::2
10-28 11:49:51.761: W/AQuery(461):            CorePoolSize::25
10-28 11:49:51.791: W/AQuery(461):         LargestPoolSize::2
10-28 11:49:51.791: W/AQuery(461):         MaximumPoolSize::25
10-28 11:49:51.833: W/AQuery(461):               TaskCount::2
10-28 11:49:51.833: W/AQuery(461):      CompletedTaskCount::0
10-28 11:49:53.081: W/AQuery(461): Running HTTP task::AjaxStatus [code=200, data=0 bytes,message=OK, redirect=http://psomozufe01.cpth.ie:8081/cp/applink/sab/ListRecommendedProfiles?drf=json&u=00zf8hhydx&d=eliseo.ar.uw.nii&appVersion=6.6.0&selfAuthPassword=critical01, time=Mon Oct 28 11:49:51 GMT+00:00 2013, refresh=false, client=null, duration=0, source=1, start=1382960991671, done=false, invalid=false, reauth=false, error=null, context=null, headers=null]
10-28 11:49:53.081: W/AQuery(461): HTTP task not done -> doing HTTP request
10-28 11:49:53.081: W/AQuery(461): Running HTTP task::AjaxStatus [code=200, data=0 bytes,message=OK, redirect=http://psomozufe01.cpth.ie:8081/cp/applink/nextel/sab/ReadInitialDataForClient?showConnectionInfo=false&inviteType=1&inviteStatus=4&drf=json&u=00zf8hhydx&d=eliseo.ar.uw.nii&appVersion=6.6.0&selfAuthPassword=critical01, time=Mon Oct 28 11:49:51 GMT+00:00 2013, refresh=false, client=null, duration=0, source=1, start=1382960991472, done=false, invalid=false, reauth=false, error=null, context=null, headers=null]
10-28 11:49:53.091: W/AQuery(461): HTTP task not done -> doing HTTP request
10-28 11:49:53.091: W/AQuery(461): get:http://psomozufe01.cpth.ie:8081/cp/applink/nextel/sab/ReadInitialDataForClient?showConnectionInfo=false&inviteType=1&inviteStatus=4&drf=json&u=00zf8hhydx&d=eliseo.ar.uw.nii&appVersion=6.6.0&selfAuthPassword=critical01
10-28 11:49:53.091: W/AQuery(461): get:http://psomozufe01.cpth.ie:8081/cp/applink/sab/ListRecommendedProfiles?drf=json&u=00zf8hhydx&d=eliseo.ar.uw.nii&appVersion=6.6.0&selfAuthPassword=critical01
10-28 11:49:53.101: W/AQuery(461): ThreadSafeClientConnManager
10-28 11:49:53.111: W/AQuery(461): ThreadSafeClientConnManager
10-28 11:49:53.111: W/AQuery(461):              ConnectionsInPool:0
10-28 11:49:53.121: W/AQuery(461):              ConnectionsInPool:0
10-28 11:49:53.121: W/AQuery(461):      ConnectionsInPoolPerRoute:0
10-28 11:49:53.121: W/AQuery(461):      ConnectionsInPoolPerRoute:0
10-28 11:49:53.131: W/AQuery(461): Running HTTP task::AjaxStatus [code=200, data=0 bytes,message=OK, redirect=http://psomozufe01.cpth.ie:8081/cp/applink/sab/ReadProfile?drf=json&u=00zf8hhydx&d=eliseo.ar.uw.nii&appVersion=6.6.0&selfAuthPassword=critical01, time=Mon Oct 28 11:49:51 GMT+00:00 2013, refresh=false, client=null, duration=0, source=1, start=1382960991391, done=false, invalid=false, reauth=false, error=null, context=null, headers=null]
10-28 11:49:53.141: W/AQuery(461): HTTP task not done -> doing HTTP request
10-28 11:49:53.141: W/AQuery(461): get:http://psomozufe01.cpth.ie:8081/cp/applink/sab/ReadProfile?drf=json&u=00zf8hhydx&d=eliseo.ar.uw.nii&appVersion=6.6.0&selfAuthPassword=critical01
10-28 11:49:53.171: W/AQuery(461): ThreadSafeClientConnManager
10-28 11:49:53.171: W/AQuery(461):              ConnectionsInPool:2
10-28 11:49:53.181: W/AQuery(461):      ConnectionsInPoolPerRoute:2
10-28 11:49:54.952: W/AQuery(461): response:200
10-28 11:49:54.961: W/AQuery(461): 1689:http://psomozufe01.cpth.ie:8081/cp/applink/sab/ReadProfile?drf=json&u=00zf8hhydx&d=eliseo.ar.uw.nii&appVersion=6.6.0&selfAuthPassword=critical01
10-28 11:49:54.991: W/AQuery(461): response:200
10-28 11:49:54.991: W/AQuery(461): 3234:http://psomozufe01.cpth.ie:8081/cp/applink/sab/ListRecommendedProfiles?drf=json&u=00zf8hhydx&d=eliseo.ar.uw.nii&appVersion=6.6.0&selfAuthPassword=critical01
10-28 11:49:55.001: W/AQuery(461): Running HTTP task::AjaxStatus [code=200, data=1689 bytes,message=OK, redirect=http://psomozufe01.cpth.ie:8081/cp/applink/sab/ReadProfile?drf=json&u=00zf8hhydx&d=eliseo.ar.uw.nii&appVersion=6.6.0&selfAuthPassword=critical01, time=Mon Oct 28 11:49:54 GMT+00:00 2013, refresh=false, client=org.apache.http.impl.client.DefaultHttpClient@40627a48, duration=3581, source=1, start=1382960991391, done=true, invalid=false, reauth=false, error=null, context=org.apache.http.protocol.BasicHttpContext@40793928, headers=[Server: Apache-Coyote/1.1, Cache-Control: no-store, Pragma: no-cache, Expires: 0, Set-Cookie: s=4722256168031870298870; path=/, Content-Encoding: gzip, Content-Type: application/json;charset=UTF-8, Content-Length: 890, Date: Mon, 28 Oct 2013 11:49:55 GMT]]
10-28 11:49:55.001: W/AQuery(461): HTTP task was already done - doing afterWork
10-28 11:49:55.021: I/SAB/AppLinkTask.java:716(461): [main] AppLink response received (code: 200): size=1689 [source=1]
10-28 11:49:55.021: D/SAB/AppLinkTask.java:717(461): [main] AppLink response:  /*-secure- { "success": "true", "profile": { "id": "00zf8hhydx@eliseo.ar.uw.nii", "attributes": { "cpabFirstName":[ "cirotest1"], "cpabFullName":[ "cirotest1 huangciro"], "cpabMobile":[ "9541881665"], "cpabCompanyName":[ "1221223"], "cpabHomePhone":[ "542333444555"], "cpabInterests":[ "test"], "cpabLastName":[ "huangciro"], "cpabEducation":[ "tianjin university", "tju"], "cpabBusinessEmail":[ "gg@cp.net", "tt@cc.net"], "cpabEmail":[ "c1@cp.net"], "cpabHomeMobile":[ "8386897392", "9438979018"], "cpabWorkMobile":[ "0027779542", "0046483423", "0049976639", "0274736886", "0406080522", "0770664936", "11554122541", "1638483404", "1873317497", "1964885638", "2229827845", "2245238756", "254852112", "2930774750", "2974910533", "3363792527", "3562086665", "3684536878", "3717615443", "3868625017", "3873264714", "3969257983", "4042112067", "4138126059", "4185827344", "4274592958", "4304155027", "4396053844", "4405421061", "4449994713", "4465806469", "4593925801", "4644160353", "4665438612", "4681252030", "4893896013", "5029420314", "5134761272", "5319030260", "5480303339", "5502588683", "551222499365", "5653452874", "5869964242", "6211497534", "6224690179", "6354030392", "6367779843", "6521289424", "6659545996", "7112627445", "7306541172", "7309796481", "7316527982", "7396625133", "7494284124", "7584203456", "7612400339", "7626025361", "7655323064", "8636950621", "8840635514", "8875347766", "8882770290", "9128272544", "9147040089", "9492737165", "9565250134", "9986362824"], "cpabPhoto":[ "/applink/pab/Downloader?dhid=profilePhotoDownloader"], "vaultHidden": ["false"], "isUsingAggregateContacts": "true"
10-28 11:49:55.021: D/SAB/AppLinkTask.java:717(461):     , "pts": 1000.0, "lvl": 1, "pts_n": 5000.0, "badges": []}
10-28 11:49:55.021: D/SAB/AppLinkTask.java:717(461):   } } */
10-28 11:49:55.081: D/SAB/AppLinkTask.java:735(461): [main] AppLink response parse with com.cognima.android.user.SelfProfileData$SelfProfileDataParser - result: SelfProfileData [success=true, profile=(Own)Profile [id=00zf8hhydx@eliseo.ar.uw.nii, attributes=[cpabFullName=[cirotest1 huangciro], cpabWorkStreet=[], cpabOther=[], cpabEmail=[c1@cp.net], cpabPhoto=[/applink/pab/Downloader?dhid=profilePhotoDownloader], cpabWorkMobile=[0027779542, 0046483423, 0049976639, 0274736886, 0406080522, 0770664936, 11554122541, 1638483404, 1873317497, 1964885638, 2229827845, 2245238756, 254852112, 2930774750, 2974910533, 3363792527, 3562086665, 3684536878, 3717615443, 3868625017, 3873264714, 3969257983, 4042112067, 4138126059, 4185827344, 4274592958, 4304155027, 4396053844, 4405421061, 4449994713, 4465806469, 4593925801, 4644160353, 4665438612, 4681252030, 4893896013, 5029420314, 5134761272, 5319030260, 5480303339, 5502588683, 551222499365, 5653452874, 5869964242, 6211497534, 6224690179, 6354030392, 6367779843, 6521289424, 6659545996, 7112627445, 7306541172, 7309796481, 7316527982, 7396625133, 7494284124, 7584203456, 7612400339, 7626025361, 7655323064, 8636950621, 8840635514, 8875347766, 8882770290, 9128272544, 9147040089, 9492737165, 9565250134, 9986362824], cpabHomeMobile=[8386897392, 9438979018], cpabMobile=[9541881665], cpabWorkPhone=[], cpabHomePhone=[542333444555], cpabOtherPhone=[], cpabPTTWork=[], cpabPTTHome=[], cpabPTTOther=[], cpabLastName=[huangciro], cpabCompanyName=[1221223], cpabDepartment=[], cpabJobTitle=[], cpabSearchCountry=[], cpabFirstName=[cirotest1], cpabBirthday=[], cpabInterests=[test], cpabGender=[], cpabNextelContacts=[], cpabStatus=[], cpabActivities=[]]]]
10-28 11:49:55.081: V/SAB/AppLinkTask.java:375(461): [main] Received AppLink response - response instanceof JSONObject: false,
10-28 11:49:55.091: I/SAB/UserAccount.java:142(461): [main] ReadProfile read (Own)Profile [id=00zf8hhydx@eliseo.ar.uw.nii, attributes=[cpabFullName=[cirotest1 huangciro], cpabWorkStreet=[], cpabOther=[], cpabEmail=[c1@cp.net], cpabPhoto=[/applink/pab/Downloader?dhid=profilePhotoDownloader], cpabWorkMobile=[0027779542, 0046483423, 0049976639, 0274736886, 0406080522, 0770664936, 11554122541, 1638483404, 1873317497, 1964885638, 2229827845, 2245238756, 254852112, 2930774750, 2974910533, 3363792527, 3562086665, 3684536878, 3717615443, 3868625017, 3873264714, 3969257983, 4042112067, 4138126059, 4185827344, 4274592958, 4304155027, 4396053844, 4405421061, 4449994713, 4465806469, 4593925801, 4644160353, 4665438612, 4681252030, 4893896013, 5029420314, 5134761272, 5319030260, 5480303339, 5502588683, 551222499365, 5653452874, 5869964242, 6211497534, 6224690179, 6354030392, 6367779843, 6521289424, 6659545996, 7112627445, 7306541172, 7309796481, 7316527982, 7396625133, 7494284124, 7584203456, 7612400339, 7626025361, 7655323064, 8636950621, 8840635514, 8875347766, 8882770290, 9128272544, 9147040089, 9492737165, 9565250134, 9986362824], cpabHomeMobile=[8386897392, 9438979018], cpabMobile=[9541881665], cpabWorkPhone=[], cpabHomePhone=[542333444555], cpabOtherPhone=[], cpabPTTWork=[], cpabPTTHome=[], cpabPTTOther=[], cpabLastName=[huangciro], cpabCompanyName=[1221223], cpabDepartment=[], cpabJobTitle=[], cpabSearchCountry=[], cpabFirstName=[cirotest1], cpabBirthday=[], cpabInterests=[test], cpabGender=[], cpabNextelContacts=[], cpabStatus=[], cpabActivities=[]]]
10-28 11:49:55.111: W/AQuery(461): Running HTTP task::AjaxStatus [code=200, data=3234 bytes,message=OK, redirect=http://psomozufe01.cpth.ie:8081/cp/applink/sab/ListRecommendedProfiles?drf=json&u=00zf8hhydx&d=eliseo.ar.uw.nii&appVersion=6.6.0&selfAuthPassword=critical01, time=Mon Oct 28 11:49:54 GMT+00:00 2013, refresh=false, client=org.apache.http.impl.client.DefaultHttpClient@40627a48, duration=3327, source=1, start=1382960991671, done=true, invalid=false, reauth=false, error=null, context=org.apache.http.protocol.BasicHttpContext@4079c6a8, headers=[Server: Apache-Coyote/1.1, Cache-Control: no-store, Pragma: no-cache, Expires: 0, Set-Cookie: s=1375871687724615125569; path=/, Content-Encoding: gzip, Content-Type: application/json;charset=UTF-8, Content-Length: 345, Date: Mon, 28 Oct 2013 11:49:55 GMT]]
10-28 11:49:55.121: W/AQuery(461): HTTP task was already done - doing afterWork
10-28 11:49:55.121: I/SAB/AppLinkTask.java:716(461): [main] AppLink response received (code: 200): size=3234 [source=1]
10-28 11:49:55.131: D/SAB/AppLinkTask.java:717(461): [main] AppLink response:  /*-secure- { "success": "true", "recommendedProfile":[ { "userName": "00zxywb9x6","domainName": "eliseo.ar.uw.nii","contactURL": "PAB://eliseo.ar.uw.nii/00zf8hhydx/main/cnt/CONTACT_1002","requestTime": "Sun Oct 13 02:20:06 IST 2013","options": "0","isNew": "false" }, { "userName": "00J1C5I5Un","domainName": "test.pso.nii","contactURL": "PAB://eliseo.ar.uw.nii/00zf8hhydx/main/cnt/CONTACT_1009","requestTime": "Sun Oct 13 02:20:06 IST 2013","options": "0","isNew": "false" }, { "userName": "00zxywb9x6","domainName": "eliseo.ar.uw.nii","contactURL": "PAB://eliseo.ar.uw.nii/00zf8hhydx/main/cnt/CONTACT_1020","requestTime": "Sun Oct 13 02:20:06 IST 2013","options": "0","isNew": "false" }, { "userName": "00ab1m4rus","domainName": "eliseo.uw.nii","contactURL": "PAB://eliseo.ar.uw.nii/00zf8hhydx/main/cnt/CONTACT_1022","requestTime": "Sun Oct 13 02:20:06 IST 2013","options": "0","isNew": "false" }, { "userName": "00zxywb9x6","domainName": "eliseo.ar.uw.nii","contactURL": "PAB://eliseo.ar.uw.nii/00zf8hhydx/main/cnt/CONTACT_1024","requestTime": "Sun Oct 13 02:20:06 IST 2013","options": "0","isNew": "false" }, { "userName": "00zxywb9x6","domainName": "eliseo.ar.uw.nii","contactURL": "PAB://eliseo.ar.uw.nii/00zf8hhydx/main/cnt/CONTACT_1025","requestTime": "Sun Oct 13 02:20:06 IST 2013","options": "0","isNew": "false" }, { "userName": "00zxywb9x6","domainName": "eliseo.ar.uw.nii","contactURL": "PAB://eliseo.ar.uw.nii/00zf8hhydx/main/cnt/CONTACT_1030","requestTime": "Sun Oct 13 02:20:06 IST 2013","options": "0","isNew": "false" }, { "userName": "00ab1m4rus","domainName": "eliseo.uw.nii","contactURL": "PAB://eliseo.ar.uw.nii/00zf8hhydx/main/cnt/CONTACT_1034","requestTime": "Sun Oct 13 02:20:06 IST 2013","options": "0","isNew": "false" }, { "userName": "00bgb04hpr","domainName": "eliseo.ar.uw.nii","contactURL": "PAB://eliseo.ar.uw.nii/00zf8hhydx/main/cnt/CONTACT_1037","requestTime": "Sun Oct 13 02:20:06 IST 2013","options": "0","isNew": "false" }, { "userName": "00zxywb9x6","domainName": "eliseo.ar.uw.nii","contactURL": "PAB://eliseo.ar.uw.nii/00zf8hhydx/main/cnt/CONTACT_1038","requestTime": "Sun Oct 13 02:20:06 IST 2013","options": "0","isNew": "false" }, { "userName": "00zxywb9x6","domainName": "eliseo.ar.uw.nii","contactURL": "PAB://eliseo.ar.uw.nii/00zf8hhydx/main/cnt/CONTACT_1043","requestTime": "Sun Oct 13 02:20:06 IST 2013","options": "0","isNew": "false" }, { "userName": "00J1C5I5Un","domainName": "test.pso.nii","contactURL": "PAB://eliseo.ar.uw.nii/00zf8hhydx/main/cnt/CONTACT_1045","requestTime": "Sun Oct 13 02:20:06 IST 2013","options": "0","isNew": "false" }, { "userName": "00ab1m4rus","domainName": "eliseo.uw.nii","contactURL": "PAB://eliseo.ar.uw.nii/00zf8hhydx/main/cnt/CONTACT_1047","requestTime": "Sun Oct 13 02:20:06 IST 2013","options": "0","isNew": "false" }, { "userName": "00ab1m4rus","domainName": "eliseo.uw.nii","contactURL": "PAB://eliseo.ar.uw.nii/00zf8hhydx/main/cnt/CONTACT_1053","requestTime": "Sun Oct 13 02:20:06 IST 2013","options": "0","isNew": "false" }, { "userName": "00ad5eojy6","domainName": "eliseo.ar.uw.nii","contactURL": "PAB://eliseo.ar.uw.nii/00zf8hhydx/main/cnt/CONTACT_985","requestTime": "Sun Oct 13 02:20:06 IST 2013","options": "0","isNew": "false" }] } */
10-28 11:49:55.181: W/AQuery(461): response:200
10-28 11:49:55.181: W/AQuery(461): 10331:http://psomozufe01.cpth.ie:8081/cp/applink/nextel/sab/ReadInitialDataForClient?showConnectionInfo=false&inviteType=1&inviteStatus=4&drf=json&u=00zf8hhydx&d=eliseo.ar.uw.nii&appVersion=6.6.0&selfAuthPassword=critical01
10-28 11:49:55.521: D/dalvikvm(461): GC_CONCURRENT freed 1885K, 52% free 4131K/8455K, external 4246K/5540K, paused 10ms+6ms
10-28 11:49:55.831: D/SAB/AppLinkTask.java:746(461): [main] AppLink JSON response mapped: RecommendedProfilesData [success=true, recommendedProfile=[00zxywb9x6@eliseo.ar.uw.nii, 00J1C5I5Un@test.pso.nii, 00zxywb9x6@eliseo.ar.uw.nii, 00ab1m4rus@eliseo.uw.nii, 00zxywb9x6@eliseo.ar.uw.nii, 00zxywb9x6@eliseo.ar.uw.nii, 00zxywb9x6@eliseo.ar.uw.nii, 00ab1m4rus@eliseo.uw.nii, 00bgb04hpr@eliseo.ar.uw.nii, 00zxywb9x6@eliseo.ar.uw.nii, 00zxywb9x6@eliseo.ar.uw.nii, 00J1C5I5Un@test.pso.nii, 00ab1m4rus@eliseo.uw.nii, 00ab1m4rus@eliseo.uw.nii, 00ad5eojy6@eliseo.ar.uw.nii]]
10-28 11:49:55.831: V/SAB/AppLinkTask.java:375(461): [main] Received AppLink response - response instanceof JSONObject: false,
10-28 11:49:55.841: D/SAB/UserAccount.java:333(461): [main] ListRecommendedProfiles returned 15 entries
10-28 11:49:55.871: W/AQuery(461): Running HTTP task::AjaxStatus [code=200, data=10331 bytes,message=OK, redirect=http://psomozufe01.cpth.ie:8081/cp/applink/nextel/sab/ReadInitialDataForClient?showConnectionInfo=false&inviteType=1&inviteStatus=4&drf=json&u=00zf8hhydx&d=eliseo.ar.uw.nii&appVersion=6.6.0&selfAuthPassword=critical01, time=Mon Oct 28 11:49:55 GMT+00:00 2013, refresh=false, client=org.apache.http.impl.client.DefaultHttpClient@40627a48, duration=3725, source=1, start=1382960991472, done=true, invalid=false, reauth=false, error=null, context=org.apache.http.protocol.BasicHttpContext@4079d050, headers=[Server: Apache-Coyote/1.1, Cache-Control: no-store, Pragma: no-cache, Expires: 0, Set-Cookie: s=2498374225847391563763; path=/, Content-Encoding: gzip, Content-Type: application/json;charset=UTF-8, Content-Length: 1703, Date: Mon, 28 Oct 2013 11:49:55 GMT]]
10-28 11:49:55.871: W/AQuery(461): HTTP task was already done - doing afterWork
10-28 11:49:55.881: I/SAB/AppLinkTask.java:716(461): [main] AppLink response received (code: 200): size=10331 [source=1]
10-28 11:49:55.892: D/SAB/AppLinkTask.java:717(461): [main] AppLink response: 
10-28 11:49:55.892: D/SAB/AppLinkTask.java:717(461):             /*-secure-
10-28 11:49:55.892: D/SAB/AppLinkTask.java:717(461):             {
10-28 11:49:55.892: D/SAB/AppLinkTask.java:717(461):                 "success": "true",
10-28 11:49:55.892: D/SAB/AppLinkTask.java:717(461):                 "recommendedProfile":[
10-28 11:49:55.892: D/SAB/AppLinkTask.java:717(461): 		          
10-28 11:49:55.892: D/SAB/AppLinkTask.java:717(461): 		              {   "userName": "00zxywb9x6",
10-28 11:49:55.892: D/SAB/AppLinkTask.java:717(461): 		                  "domainName": "eliseo.ar.uw.nii",
10-28 11:49:55.892: D/SAB/AppLinkTask.java:717(461): 		                  "contactURL": "PAB://eliseo.ar.uw.nii/00zf8hhydx/main/cnt/CONTACT_1002",
10-28 11:49:55.892: D/SAB/AppLinkTask.java:717(461): 		                  "requestTime": "Sun Oct 13 02:20:06 IST 2013",
10-28 11:49:55.892: D/SAB/AppLinkTask.java:717(461): 		                  "options": "0"
10-28 11:49:55.892: D/SAB/AppLinkTask.java:717(461): 		                  ,"isNew": "false"
10-28 11:49:55.892: D/SAB/AppLinkTask.java:717(461): 		              }
10-28 11:49:55.892: D/SAB/AppLinkTask.java:717(461): 		              ,
